--------- beginning of main
09-25 09:22:22.123  9158  9158 I SuperWissBoot: Boot
09-25 09:22:22.123  9158  9158 I SuperWissBoot: Load config
09-25 09:22:22.123  9158  9158 I SuperWissBoot: Load assets
09-25 09:22:22.123  9158  9158 I SuperWissBoot: Load assets · 1 / 270
09-25 09:22:22.123  9158  9158 I SuperWissBoot: Load assets · 2 / 270
09-25 09:22:22.123  9158  9158 I SuperWissBoot: Load assets · 3 / 270
09-25 09:22:22.123  9158  9158 I SuperWissBoot: Load assets · 4 / 270
09-25 09:22:22.123  9158  9158 I SuperWissBoot: Load assets · 5 / 270
09-25 09:22:22.123  9158  9158 I SuperWissBoot: Load assets · 6 / 270
09-25 09:22:22.123  9158  9158 I SuperWissBoot: Load assets · 7 / 270
09-25 09:22:22.132  9158  9158 I SuperWissBoot: Load assets · 8 / 270
09-25 09:22:22.136  9158  9158 I SuperWissBoot: Load assets · 9 / 270
09-25 09:22:22.195  9158  9158 I SuperWissBoot: Load assets · 10 / 270
09-25 09:22:22.224  9158  9158 I SuperWissBoot: Load assets · 11 / 270
09-25 09:22:22.455  9158  9158 I SuperWissBoot: Load assets · 12 / 270
09-25 09:22:22.475  9158  9158 I SuperWissBoot: Load assets · 13 / 270
09-25 09:22:22.479  9158  9158 I SuperWissBoot: Load assets · 14 / 270
09-25 09:22:22.488  9158  9158 I SuperWissBoot: Load assets · 15 / 270
09-25 09:22:22.514  9158  9158 I SuperWissBoot: Load assets · 16 / 270
09-25 09:22:22.523  9158  9158 I SuperWissBoot: Load assets · 17 / 270
09-25 09:22:25.419  9158  9158 I SuperWissBoot: Load assets · 18 / 270
09-25 09:22:25.419  9158  9158 I SuperWissBoot: Load assets · 19 / 270
09-25 09:22:25.482  9158  9158 I SuperWissBoot: Load assets · 20 / 270
09-25 09:22:25.483  9158  9158 I SuperWissBoot: Load assets · 21 / 270
09-25 09:22:25.483  9158  9158 I SuperWissBoot: Load assets · 22 / 270
09-25 09:22:25.483  9158  9158 I SuperWissBoot: Load assets · 23 / 270
09-25 09:22:25.483  9158  9158 I SuperWissBoot: Load assets · 24 / 270
09-25 09:22:25.483  9158  9158 I SuperWissBoot: Load assets · 25 / 270
09-25 09:22:25.483  9158  9158 I SuperWissBoot: Load assets · 26 / 270
09-25 09:22:25.483  9158  9158 I SuperWissBoot: Load assets · 27 / 270
09-25 09:22:25.483  9158  9158 I SuperWissBoot: Load assets · 28 / 270
09-25 09:22:25.483  9158  9158 I SuperWissBoot: Load assets · 29 / 270
09-25 09:22:25.483  9158  9158 I SuperWissBoot: Load assets · 30 / 270
09-25 09:22:25.483  9158  9158 I SuperWissBoot: Load assets · 31 / 270
09-25 09:22:25.483  9158  9158 I SuperWissBoot: Load assets · 32 / 270
09-25 09:22:25.483  9158  9158 I SuperWissBoot: Load assets · 33 / 270
09-25 09:22:25.483  9158  9158 I SuperWissBoot: Load assets · 34 / 270
09-25 09:22:25.483  9158  9158 I SuperWissBoot: Load assets · 35 / 270
09-25 09:22:25.483  9158  9158 I SuperWissBoot: Load assets · 36 / 270
09-25 09:22:25.484  9158  9158 I SuperWissBoot: Load assets · 37 / 270
09-25 09:22:25.484  9158  9158 I SuperWissBoot: Load assets · 38 / 270
09-25 09:22:25.484  9158  9158 I SuperWissBoot: Load assets · 39 / 270
09-25 09:22:25.484  9158  9158 I SuperWissBoot: Load assets · 40 / 270
09-25 09:22:25.484  9158  9158 I SuperWissBoot: Load assets · 41 / 270
09-25 09:22:25.485  9158  9158 I SuperWissBoot: Load assets · 42 / 270
09-25 09:22:25.485  9158  9158 I SuperWissBoot: Load assets · 43 / 270
09-25 09:22:25.485  9158  9158 I SuperWissBoot: Load assets · 44 / 270
09-25 09:22:25.485  9158  9158 I SuperWissBoot: Load assets · 45 / 270
09-25 09:22:25.485  9158  9158 I SuperWissBoot: Load assets · 46 / 270
09-25 09:22:25.485  9158  9158 I SuperWissBoot: Load assets · 47 / 270
09-25 09:22:25.485  9158  9158 I SuperWissBoot: Load assets · 48 / 270
09-25 09:22:25.485  9158  9158 I SuperWissBoot: Load assets · 49 / 270
09-25 09:22:25.486  9158  9158 I SuperWissBoot: Load assets · 50 / 270
09-25 09:22:25.486  9158  9158 I SuperWissBoot: Load assets · 51 / 270
09-25 09:22:25.486  9158  9158 I SuperWissBoot: Load assets · 52 / 270
09-25 09:22:25.486  9158  9158 I SuperWissBoot: Load assets · 53 / 270
09-25 09:22:25.486  9158  9158 I SuperWissBoot: Load assets · 54 / 270
09-25 09:22:25.486  9158  9158 I SuperWissBoot: Load assets · 55 / 270
09-25 09:22:25.486  9158  9158 I SuperWissBoot: Load assets · 56 / 270
09-25 09:22:25.486  9158  9158 I SuperWissBoot: Load assets · 57 / 270
09-25 09:22:25.486  9158  9158 I SuperWissBoot: Load assets · 58 / 270
09-25 09:22:25.486  9158  9158 I SuperWissBoot: Load assets · 59 / 270
09-25 09:22:25.486  9158  9158 I SuperWissBoot: Load assets · 60 / 270
09-25 09:22:25.486  9158  9158 I SuperWissBoot: Load assets · 61 / 270
09-25 09:22:25.486  9158  9158 I SuperWissBoot: Load assets · 62 / 270
09-25 09:22:25.486  9158  9158 I SuperWissBoot: Load assets · 63 / 270
09-25 09:22:25.486  9158  9158 I SuperWissBoot: Load assets · 64 / 270
09-25 09:22:25.486  9158  9158 I SuperWissBoot: Load assets · 65 / 270
09-25 09:22:25.486  9158  9158 I SuperWissBoot: Load assets · 66 / 270
09-25 09:22:25.486  9158  9158 I SuperWissBoot: Load assets · 67 / 270
09-25 09:22:25.486  9158  9158 I SuperWissBoot: Load assets · 68 / 270
09-25 09:22:25.486  9158  9158 I SuperWissBoot: Load assets · 69 / 270
09-25 09:22:25.487  9158  9158 I SuperWissBoot: Load assets · 70 / 270
09-25 09:22:25.487  9158  9158 I SuperWissBoot: Load assets · 71 / 270
09-25 09:22:25.487  9158  9158 I SuperWissBoot: Load assets · 72 / 270
09-25 09:22:25.487  9158  9158 I SuperWissBoot: Load assets · 73 / 270
09-25 09:22:25.487  9158  9158 I SuperWissBoot: Load assets · 74 / 270
09-25 09:22:25.487  9158  9158 I SuperWissBoot: Load assets · 75 / 270
09-25 09:22:25.487  9158  9158 I SuperWissBoot: Load assets · 76 / 270
09-25 09:22:25.487  9158  9158 I SuperWissBoot: Load assets · 77 / 270
09-25 09:22:25.487  9158  9158 I SuperWissBoot: Load assets · 78 / 270
09-25 09:22:25.487  9158  9158 I SuperWissBoot: Load assets · 79 / 270
09-25 09:22:25.487  9158  9158 I SuperWissBoot: Load assets · 80 / 270
09-25 09:22:25.487  9158  9158 I SuperWissBoot: Load assets · 81 / 270
09-25 09:22:25.487  9158  9158 I SuperWissBoot: Load assets · 82 / 270
09-25 09:22:25.487  9158  9158 I SuperWissBoot: Load assets · 83 / 270
09-25 09:22:25.488  9158  9158 I SuperWissBoot: Load assets · 84 / 270
09-25 09:22:25.488  9158  9158 I SuperWissBoot: Load assets · 85 / 270
09-25 09:22:25.488  9158  9158 I SuperWissBoot: Load assets · 86 / 270
09-25 09:22:25.488  9158  9158 I SuperWissBoot: Load assets · 87 / 270
09-25 09:22:25.488  9158  9158 I SuperWissBoot: Load assets · 88 / 270
09-25 09:22:25.488  9158  9158 I SuperWissBoot: Load assets · 89 / 270
09-25 09:22:25.488  9158  9158 I SuperWissBoot: Load assets · 90 / 270
09-25 09:22:25.488  9158  9158 I SuperWissBoot: Load assets · 91 / 270
09-25 09:22:25.488  9158  9158 I SuperWissBoot: Load assets · 92 / 270
09-25 09:22:25.488  9158  9158 I SuperWissBoot: Load assets · 93 / 270
09-25 09:22:25.488  9158  9158 I SuperWissBoot: Load assets · 94 / 270
09-25 09:22:25.488  9158  9158 I SuperWissBoot: Load assets · 95 / 270
09-25 09:22:25.488  9158  9158 I SuperWissBoot: Load assets · 96 / 270
09-25 09:22:25.488  9158  9158 I SuperWissBoot: Load assets · 97 / 270
09-25 09:22:25.488  9158  9158 I SuperWissBoot: Load assets · 98 / 270
09-25 09:22:25.488  9158  9158 I SuperWissBoot: Load assets · 99 / 270
09-25 09:22:25.488  9158  9158 I SuperWissBoot: Load assets · 100 / 270
09-25 09:22:25.488  9158  9158 I SuperWissBoot: Load assets · 101 / 270
09-25 09:22:25.488  9158  9158 I SuperWissBoot: Load assets · 102 / 270
09-25 09:22:25.488  9158  9158 I SuperWissBoot: Load assets · 103 / 270
09-25 09:22:25.488  9158  9158 I SuperWissBoot: Load assets · 104 / 270
09-25 09:22:25.488  9158  9158 I SuperWissBoot: Load assets · 105 / 270
09-25 09:22:25.488  9158  9158 I SuperWissBoot: Load assets · 106 / 270
09-25 09:22:25.488  9158  9158 I SuperWissBoot: Load assets · 107 / 270
09-25 09:22:25.488  9158  9158 I SuperWissBoot: Load assets · 108 / 270
09-25 09:22:25.488  9158  9158 I SuperWissBoot: Load assets · 109 / 270
09-25 09:22:25.488  9158  9158 I SuperWissBoot: Load assets · 110 / 270
09-25 09:22:25.488  9158  9158 I SuperWissBoot: Load assets · 111 / 270
09-25 09:22:25.488  9158  9158 I SuperWissBoot: Load assets · 112 / 270
09-25 09:22:25.488  9158  9158 I SuperWissBoot: Load assets · 113 / 270
09-25 09:22:25.489  9158  9158 I SuperWissBoot: Load assets · 114 / 270
09-25 09:22:25.489  9158  9158 I SuperWissBoot: Load assets · 115 / 270
09-25 09:22:25.489  9158  9158 I SuperWissBoot: Load assets · 116 / 270
09-25 09:22:25.489  9158  9158 I SuperWissBoot: Load assets · 117 / 270
09-25 09:22:25.489  9158  9158 I SuperWissBoot: Load assets · 118 / 270
09-25 09:22:25.489  9158  9158 I SuperWissBoot: Load assets · 119 / 270
09-25 09:22:25.489  9158  9158 I SuperWissBoot: Load assets · 120 / 270
09-25 09:22:25.489  9158  9158 I SuperWissBoot: Load assets · 121 / 270
09-25 09:22:25.489  9158  9158 I SuperWissBoot: Load assets · 122 / 270
09-25 09:22:25.489  9158  9158 I SuperWissBoot: Load assets · 123 / 270
09-25 09:22:25.489  9158  9158 I SuperWissBoot: Load assets · 124 / 270
09-25 09:22:25.489  9158  9158 I SuperWissBoot: Load assets · 125 / 270
09-25 09:22:25.489  9158  9158 I SuperWissBoot: Load assets · 126 / 270
09-25 09:22:25.489  9158  9158 I SuperWissBoot: Load assets · 127 / 270
09-25 09:22:25.489  9158  9158 I SuperWissBoot: Load assets · 128 / 270
09-25 09:22:25.489  9158  9158 I SuperWissBoot: Load assets · 129 / 270
09-25 09:22:25.489  9158  9158 I SuperWissBoot: Load assets · 130 / 270
09-25 09:22:25.489  9158  9158 I SuperWissBoot: Load assets · 131 / 270
09-25 09:22:25.489  9158  9158 I SuperWissBoot: Load assets · 132 / 270
09-25 09:22:25.489  9158  9158 I SuperWissBoot: Load assets · 133 / 270
09-25 09:22:25.489  9158  9158 I SuperWissBoot: Load assets · 134 / 270
09-25 09:22:25.489  9158  9158 I SuperWissBoot: Load assets · 135 / 270
09-25 09:22:25.489  9158  9158 I SuperWissBoot: Load assets · 136 / 270
09-25 09:22:25.489  9158  9158 I SuperWissBoot: Load assets · 137 / 270
09-25 09:22:25.489  9158  9158 I SuperWissBoot: Load assets · 138 / 270
09-25 09:22:25.489  9158  9158 I SuperWissBoot: Load assets · 139 / 270
09-25 09:22:25.489  9158  9158 I SuperWissBoot: Load assets · 140 / 270
09-25 09:22:25.489  9158  9158 I SuperWissBoot: Load assets · 141 / 270
09-25 09:22:25.489  9158  9158 I SuperWissBoot: Load assets · 142 / 270
09-25 09:22:25.489  9158  9158 I SuperWissBoot: Load assets · 143 / 270
09-25 09:22:25.489  9158  9158 I SuperWissBoot: Load assets · 144 / 270
09-25 09:22:25.489  9158  9158 I SuperWissBoot: Load assets · 145 / 270
09-25 09:22:25.489  9158  9158 I SuperWissBoot: Load assets · 146 / 270
09-25 09:22:25.489  9158  9158 I SuperWissBoot: Load assets · 147 / 270
09-25 09:22:25.489  9158  9158 I SuperWissBoot: Load assets · 148 / 270
09-25 09:22:25.489  9158  9158 I SuperWissBoot: Load assets · 149 / 270
09-25 09:22:25.489  9158  9158 I SuperWissBoot: Load assets · 150 / 270
09-25 09:22:25.489  9158  9158 I SuperWissBoot: Load assets · 151 / 270
09-25 09:22:25.489  9158  9158 I SuperWissBoot: Load assets · 152 / 270
09-25 09:22:25.489  9158  9158 I SuperWissBoot: Load assets · 153 / 270
09-25 09:22:25.489  9158  9158 I SuperWissBoot: Load assets · 154 / 270
09-25 09:22:25.489  9158  9158 I SuperWissBoot: Load assets · 155 / 270
09-25 09:22:25.490  9158  9158 I SuperWissBoot: Load assets · 156 / 270
09-25 09:22:25.490  9158  9158 I SuperWissBoot: Load assets · 157 / 270
09-25 09:22:25.490  9158  9158 I SuperWissBoot: Load assets · 158 / 270
09-25 09:22:25.490  9158  9158 I SuperWissBoot: Load assets · 159 / 270
09-25 09:22:25.490  9158  9158 I SuperWissBoot: Load assets · 160 / 270
09-25 09:22:25.490  9158  9158 I SuperWissBoot: Load assets · 161 / 270
09-25 09:22:25.490  9158  9158 I SuperWissBoot: Load assets · 162 / 270
09-25 09:22:25.490  9158  9158 I SuperWissBoot: Load assets · 163 / 270
09-25 09:22:25.490  9158  9158 I SuperWissBoot: Load assets · 164 / 270
09-25 09:22:25.490  9158  9158 I SuperWissBoot: Load assets · 165 / 270
09-25 09:22:25.490  9158  9158 I SuperWissBoot: Load assets · 166 / 270
09-25 09:22:25.490  9158  9158 I SuperWissBoot: Load assets · 167 / 270
09-25 09:22:25.490  9158  9158 I SuperWissBoot: Load assets · 168 / 270
09-25 09:22:25.490  9158  9158 I SuperWissBoot: Load assets · 169 / 270
09-25 09:22:25.490  9158  9158 I SuperWissBoot: Load assets · 170 / 270
09-25 09:22:25.490  9158  9158 I SuperWissBoot: Load assets · 171 / 270
09-25 09:22:25.490  9158  9158 I SuperWissBoot: Load assets · 172 / 270
09-25 09:22:25.490  9158  9158 I SuperWissBoot: Load assets · 173 / 270
09-25 09:22:25.490  9158  9158 I SuperWissBoot: Load assets · 174 / 270
09-25 09:22:25.490  9158  9158 I SuperWissBoot: Load assets · 175 / 270
09-25 09:22:25.490  9158  9158 I SuperWissBoot: Load assets · 176 / 270
09-25 09:22:25.490  9158  9158 I SuperWissBoot: Load assets · 177 / 270
09-25 09:22:25.490  9158  9158 I SuperWissBoot: Load assets · 178 / 270
09-25 09:22:25.490  9158  9158 I SuperWissBoot: Load assets · 179 / 270
09-25 09:22:25.490  9158  9158 I SuperWissBoot: Load assets · 180 / 270
09-25 09:22:25.490  9158  9158 I SuperWissBoot: Load assets · 181 / 270
09-25 09:22:25.490  9158  9158 I SuperWissBoot: Load assets · 182 / 270
09-25 09:22:25.490  9158  9158 I SuperWissBoot: Load assets · 183 / 270
09-25 09:22:25.490  9158  9158 I SuperWissBoot: Load assets · 184 / 270
09-25 09:22:25.490  9158  9158 I SuperWissBoot: Load assets · 185 / 270
09-25 09:22:25.490  9158  9158 I SuperWissBoot: Load assets · 186 / 270
09-25 09:22:25.490  9158  9158 I SuperWissBoot: Load assets · 187 / 270
09-25 09:22:25.490  9158  9158 I SuperWissBoot: Load assets · 188 / 270
09-25 09:22:25.490  9158  9158 I SuperWissBoot: Load assets · 189 / 270
09-25 09:22:25.490  9158  9158 I SuperWissBoot: Load assets · 190 / 270
09-25 09:22:25.490  9158  9158 I SuperWissBoot: Load assets · 191 / 270
09-25 09:22:25.490  9158  9158 I SuperWissBoot: Load assets · 192 / 270
09-25 09:22:25.490  9158  9158 I SuperWissBoot: Load assets · 193 / 270
09-25 09:22:25.490  9158  9158 I SuperWissBoot: Load assets · 194 / 270
09-25 09:22:25.490  9158  9158 I SuperWissBoot: Load assets · 195 / 270
09-25 09:22:25.490  9158  9158 I SuperWissBoot: Load assets · 196 / 270
09-25 09:22:25.491  9158  9158 I SuperWissBoot: Load assets · 197 / 270
09-25 09:22:25.491  9158  9158 I SuperWissBoot: Load assets · 198 / 270
09-25 09:22:25.491  9158  9158 I SuperWissBoot: Load assets · 199 / 270
09-25 09:22:25.491  9158  9158 I SuperWissBoot: Load assets · 200 / 270
09-25 09:22:25.491  9158  9158 I SuperWissBoot: Load assets · 201 / 270
09-25 09:22:25.491  9158  9158 I SuperWissBoot: Load assets · 202 / 270
09-25 09:22:25.491  9158  9158 I SuperWissBoot: Load assets · 203 / 270
09-25 09:22:25.491  9158  9158 I SuperWissBoot: Load assets · 204 / 270
09-25 09:22:25.491  9158  9158 I SuperWissBoot: Load assets · 205 / 270
09-25 09:22:25.491  9158  9158 I SuperWissBoot: Load assets · 206 / 270
09-25 09:22:25.491  9158  9158 I SuperWissBoot: Load assets · 207 / 270
09-25 09:22:25.491  9158  9158 I SuperWissBoot: Load assets · 208 / 270
09-25 09:22:25.491  9158  9158 I SuperWissBoot: Load assets · 209 / 270
09-25 09:22:25.491  9158  9158 I SuperWissBoot: Load assets · 210 / 270
09-25 09:22:25.492  9158  9158 I SuperWissBoot: Load assets · 211 / 270
09-25 09:22:25.492  9158  9158 I SuperWissBoot: Load assets · 212 / 270
09-25 09:22:25.492  9158  9158 I SuperWissBoot: Load assets · 213 / 270
09-25 09:22:25.492  9158  9158 I SuperWissBoot: Load assets · 214 / 270
09-25 09:22:25.492  9158  9158 I SuperWissBoot: Load assets · 215 / 270
09-25 09:22:25.492  9158  9158 I SuperWissBoot: Load assets · 216 / 270
09-25 09:22:25.492  9158  9158 I SuperWissBoot: Load assets · 217 / 270
09-25 09:22:25.492  9158  9158 I SuperWissBoot: Load assets · 218 / 270
09-25 09:22:25.492  9158  9158 I SuperWissBoot: Load assets · 219 / 270
09-25 09:22:25.492  9158  9158 I SuperWissBoot: Load assets · 220 / 270
09-25 09:22:25.492  9158  9158 I SuperWissBoot: Load assets · 221 / 270
09-25 09:22:25.492  9158  9158 I SuperWissBoot: Load assets · 222 / 270
09-25 09:22:25.492  9158  9158 I SuperWissBoot: Load assets · 223 / 270
09-25 09:22:25.492  9158  9158 I SuperWissBoot: Load assets · 224 / 270
09-25 09:22:25.492  9158  9158 I SuperWissBoot: Load assets · 225 / 270
09-25 09:22:25.492  9158  9158 I SuperWissBoot: Load assets · 226 / 270
09-25 09:22:25.492  9158  9158 I SuperWissBoot: Load assets · 227 / 270
09-25 09:22:25.492  9158  9158 I SuperWissBoot: Load assets · 228 / 270
09-25 09:22:25.492  9158  9158 I SuperWissBoot: Load assets · 229 / 270
09-25 09:22:25.492  9158  9158 I SuperWissBoot: Load assets · 230 / 270
09-25 09:22:25.492  9158  9158 I SuperWissBoot: Load assets · 231 / 270
09-25 09:22:25.492  9158  9158 I SuperWissBoot: Load assets · 232 / 270
09-25 09:22:25.492  9158  9158 I SuperWissBoot: Load assets · 233 / 270
09-25 09:22:25.492  9158  9158 I SuperWissBoot: Load assets · 234 / 270
09-25 09:22:25.492  9158  9158 I SuperWissBoot: Load assets · 235 / 270
09-25 09:22:25.492  9158  9158 I SuperWissBoot: Load assets · 236 / 270
09-25 09:22:25.492  9158  9158 I SuperWissBoot: Load assets · 237 / 270
09-25 09:22:25.492  9158  9158 I SuperWissBoot: Load assets · 238 / 270
09-25 09:22:25.492  9158  9158 I SuperWissBoot: Load assets · 239 / 270
09-25 09:22:25.492  9158  9158 I SuperWissBoot: Load assets · 240 / 270
09-25 09:22:25.492  9158  9158 I SuperWissBoot: Load assets · 241 / 270
09-25 09:22:25.492  9158  9158 I SuperWissBoot: Load assets · 242 / 270
09-25 09:22:25.492  9158  9158 I SuperWissBoot: Load assets · 243 / 270
09-25 09:22:25.492  9158  9158 I SuperWissBoot: Load assets · 244 / 270
09-25 09:22:25.492  9158  9158 I SuperWissBoot: Load assets · 245 / 270
09-25 09:22:25.492  9158  9158 I SuperWissBoot: Load assets · 246 / 270
09-25 09:22:25.492  9158  9158 I SuperWissBoot: Load assets · 247 / 270
09-25 09:22:25.492  9158  9158 I SuperWissBoot: Load assets · 248 / 270
09-25 09:22:25.492  9158  9158 I SuperWissBoot: Load assets · 249 / 270
09-25 09:22:25.492  9158  9158 I SuperWissBoot: Load assets · 250 / 270
09-25 09:22:25.492  9158  9158 I SuperWissBoot: Load assets · 251 / 270
09-25 09:22:25.492  9158  9158 I SuperWissBoot: Load assets · 252 / 270
09-25 09:22:25.492  9158  9158 I SuperWissBoot: Load assets · 253 / 270
09-25 09:22:25.492  9158  9158 I SuperWissBoot: Load assets · 254 / 270
09-25 09:22:25.493  9158  9158 I SuperWissBoot: Load assets · 255 / 270
09-25 09:22:25.493  9158  9158 I SuperWissBoot: Load assets · 256 / 270
09-25 09:22:25.493  9158  9158 I SuperWissBoot: Load assets · 257 / 270
09-25 09:22:25.493  9158  9158 I SuperWissBoot: Load assets · 258 / 270
09-25 09:22:25.493  9158  9158 I SuperWissBoot: Load assets · 259 / 270
09-25 09:22:25.493  9158  9158 I SuperWissBoot: Load assets · 260 / 270
09-25 09:22:25.493  9158  9158 I SuperWissBoot: Load assets · 261 / 270
09-25 09:22:25.493  9158  9158 I SuperWissBoot: Load assets · 262 / 270
09-25 09:22:25.493  9158  9158 I SuperWissBoot: Load assets · 263 / 270
09-25 09:22:25.493  9158  9158 I SuperWissBoot: Load assets · 264 / 270
09-25 09:22:25.493  9158  9158 I SuperWissBoot: Load assets · 265 / 270
09-25 09:22:25.493  9158  9158 I SuperWissBoot: Load assets · 266 / 270
09-25 09:22:25.493  9158  9158 I SuperWissBoot: Load assets · 267 / 270
09-25 09:22:25.493  9158  9158 I SuperWissBoot: Load assets · 268 / 270
09-25 09:22:25.493  9158  9158 I SuperWissBoot: Load assets · 269 / 270
09-25 09:22:25.493  9158  9158 I SuperWissBoot: Load assets · 270 / 270
09-25 09:22:25.493  9158  9158 I SuperWissBoot: Initialize save
09-25 09:22:25.493  9158  9158 I SuperWissBoot: Initialize audio
09-25 09:22:25.493  9158  9158 I SuperWissBoot: Initialize game
09-25 09:22:25.493  9158  9158 I SuperWissBoot: Home screen
