INFO         | Android emulator version 37.1.11.0 (build_id 15917651) (CL:N/A)
INFO         | Graphics backend: gfxstream
INFO         | Found systemPath C:\Users\kossa\AppData\Local\Android\Sdk\system-images\android-37.2\google_apis_ps16k\x86_64\
INFO         | Guest usage of host flag 'VulkanVirtualQueue' will be ignored.
INFO         | Increasing RAM size to 4096MB
INFO         | IPv4 server found: 192.168.1.1
INFO         | Ignore IPv6 address: a037:bba3:9702:0:a037:bba3:9702:0
INFO         | Ignore IPv6 address: a037:bba3:9702:0:a037:bba3:9702:0
INFO         | Ignore IPv6 address: a037:bba3:9702:0:a037:bba3:9702:0
INFO         | Ignore IPv6 address: 903d:bba3:9702:0:a037:bba3:9702:0
INFO         | Ignore IPv6 address: 903d:bba3:9702:0:a037:bba3:9702:0
INFO         | Ignore IPv6 address: 903d:bba3:9702:0:a037:bba3:9702:0
INFO         | Ignore IPv6 address: b043:bba3:9702:0:a037:bba3:9702:0
INFO         | Ignore IPv6 address: b043:bba3:9702:0:a037:bba3:9702:0
INFO         | Ignore IPv6 address: b043:bba3:9702:0:a037:bba3:9702:0
INFO         | Ignore IPv6 address: 6051:bba3:9702:0:a037:bba3:9702:0
INFO         | Ignore IPv6 address: 6051:bba3:9702:0:a037:bba3:9702:0
INFO         | Ignore IPv6 address: 6051:bba3:9702:0:a037:bba3:9702:0
INFO         | Ignore IPv6 address: 4857:bba3:9702:0:a037:bba3:9702:0
INFO         | Ignore IPv6 address: 4857:bba3:9702:0:a037:bba3:9702:0
INFO         | Ignore IPv6 address: 4857:bba3:9702:0:a037:bba3:9702:0
INFO         | Guest GLES Driver: Auto (ext controls)
INFO         | emuglConfig_init: vulkan_mode_selected:lavapipe gles_mode_selected:swiftshader
INFO         | Checking system compatibility:
INFO         |   Checking: hasCompatibleHypervisor
INFO         |      Ok: Hypervisor compatibility to run avd: `Resizable_Experimental` are met
INFO         |   Checking: hasSufficientSystem
INFO         |      Ok: System requirements to run avd: `Resizable_Experimental` are met
INFO         |   Checking: hasSufficientHwGpu
INFO         |      Ok: Hardware GPU compatibility checks are not required
INFO         |   Checking: hasSufficientDiskSpace
INFO         |      Ok: Disk space requirements to run avd: `Resizable_Experimental` are met
WARNING      | Ignore unsupported resizable config desktop-3-1920-1080-160
INFO         | Storing crashdata in: C:\Users\kossa\AppData\Local\Temp\\AndroidEmulator\emu-crash-37.1.11.db, detection is enabled for process: 17684
INFO         | Initializing gfxstream backend
INFO         | startOpenglesRendererImpl: gpu info
INFO         | GPU #1
  Make: 10de
  Model: NVIDIA GeForce RTX 4060 Laptop GPU
  Device ID: 28a0

INFO         | Vulkan 1.4 is not supported for the guest and won't be enabled
INFO         | Disabling implicit Vulkan layers to avoid compatibility issues. Set VK_LOADER_LAYERS_DISABLE manually to disable this behavior.
INFO         | initIcdPaths: ICD set to 'lavapipe', using Lavapipe ICD
INFO         | Setting ICD filenames for the loader = C:\Users\kossa\AppData\Local\Android\Sdk\emulator\lib64\vulkan\lvp_icd.json
INFO         | SharedLibrary::open for [C:\Users\kossa\AppData\Local\Android\Sdk\emulator\qemu\windows-x86_64\lib64\vulkan\vulkan-1.dll]
INFO         | SharedLibrary::open for [C:\Users\kossa\AppData\Local\Android\Sdk\emulator\lib64\vulkan\vulkan-1.dll]
INFO         | Added library: C:\Users\kossa\AppData\Local\Android\Sdk\emulator\lib64\vulkan\vulkan-1.dll
INFO         | Selecting Vulkan device: llvmpipe (LLVM 21.1.2, 256 bits), Version: 1.4.318
INFO         | Using Vulkan externalMemoryMode: HostAllocation for VkEmulation
INFO         | Initializing VkEmulation features:
INFO         |     glInteropSupported: false
INFO         |     useDeferredCommands: true
INFO         |     createResourceWithRequirements: true
INFO         |     useVulkanComposition: false
INFO         |     useVulkanNativeSwapchain: false
INFO         |     enable guestRenderDoc: false
INFO         |     ASTC LDR emulation mode: Gpu
INFO         |     enable ETC2 emulation: true
INFO         |     enable Ycbcr emulation: false
INFO         |     guestVulkanOnly: false
INFO         |     useDedicatedAllocations: false
INFO         |     guestVulkanMaxApiVersion: 1.3.0
INFO         |     enableProtectedMemoryEmulation: false
INFO         | Graphics Adapter Vendor Google (Google Inc.)
INFO         | Graphics Adapter Android Emulator OpenGL ES Translator (Google SwiftShader)
INFO         | Graphics API Version OpenGL ES 3.0 (OpenGL ES 3.0 SwiftShader 4.0.0.1)
INFO         | Graphics API Extensions GL_OES_EGL_sync GL_OES_EGL_image GL_OES_EGL_image_external GL_OES_depth24 GL_OES_depth32 GL_OES_element_index_uint GL_OES_texture_float GL_OES_texture_float_linear GL_OES_compressed_paletted_texture GL_OES_compressed_ETC1_RGB8_texture GL_OES_depth_texture GL_OES_texture_half_float GL_OES_texture_half_float_linear GL_OES_packed_depth_stencil GL_OES_vertex_half_float GL_OES_standard_derivatives GL_OES_texture_npot GL_OES_rgb8_rgba8 GL_EXT_color_buffer_float GL_EXT_color_buffer_half_float GL_EXT_texture_format_BGRA8888 GL_APPLE_texture_format_BGRA8888 
INFO         | Graphics Device Extensions N/A
INFO         | Disabling sparse binding feature support
INFO         | Sending adb public key [QAAAAIsX6XTdp6FiyVM/dWdauyWIrTrct0iLjqSwqsYAE7s+OeQ1yfvBbiNnxAjGwo/3oEB1U3p7NPHz4a+sOY05PCg7KUiCrYDSb2FFYdRU/JyC1Zn3r+qzoQN7UYtg243aZzPzZheK91aC+IYcHX7Hn78AEsKkuSm5WW1T5l0RHPj7cHWzF13vG/B7tFBOFN9MzMs1RXL8Ztw1hQ0YgEexo9Y5GkDjkxNpMPSNsaBbp+PkmxAJP2nEIUYYUUIwPcl6o6kj/q4vDqhGOAsPfFuS4aRulUom5J2WOS0V4kB+1ZEm/R0/qOjsLQM+Bx4WPtL3FU5gV6EhBkhnQovIdyJDs38Bd6PoABLMhgl+8xRNgwrsp8FV3BNdCo9zawHiOoTuhFyiilcxgvxSOO9RqjXbOCwAHiTk/6DCNE5kzBC/DRVgWTEypUFhAErUD08E02jgaChvmJzYJI/zLeKgxtA5ATjN67WHt3pVXWAfK1HpEeCGwCgzaWppWsV4ZWiJmUZxJJmi8Osry3uuWiJCj6g2ohaOcmfH4Za+/75gH5qqcZ+azz/cJvd1xZsG/jRYv6Y8lCO4uPRhg6ANJ+BZMVSrphjehp2ytCwME0A/I6nTjW7WoYnWdD5+jQQOksI4DlG8PWM2MbgGD/FBw0ojua9TjMsHQlsbc652wW9OGVpQYba7bKyNJwEAAQA= @unknown]
INFO         | Configuring second built-in display with width 1080 and height 2092 for pixel_fold device
INFO         | Userspace boot properties:
INFO         |   androidboot.boot_devices=pci0000:00/0000:00:03.0 pci0000:00/0000:00:06.0
INFO         |   androidboot.dalvik.vm.heapsize=576m
INFO         |   androidboot.debug.hwui.renderer=skiagl
INFO         |   androidboot.hardware=ranchu
INFO         |   androidboot.hardware.gltransport=pipe
INFO         |   androidboot.hardware.vulkan=ranchu
INFO         |   androidboot.logcat=*:V
INFO         |   androidboot.opengles.version=196608
INFO         |   androidboot.qemu=1
INFO         |   androidboot.qemu.adb.pubkey=QAAAAIsX6XTdp6FiyVM/dWdauyWIrTrct0iLjqSwqsYAE7s+OeQ1yfvBbiNnxAjGwo/3oEB1U3p7NPHz4a+sOY05PCg7KUiCrYDSb2FFYdRU/JyC1Zn3r+qzoQN7UYtg243aZzPzZheK91aC+IYcHX7Hn78AEsKkuSm5WW1T5l0RHPj7cHWzF13vG/B7tFBOFN9MzMs1RXL8Ztw1hQ0YgEexo9Y5GkDjkxNpMPSNsaBbp+PkmxAJP2nEIUYYUUIwPcl6o6kj/q4vDqhGOAsPfFuS4aRulUom5J2WOS0V4kB+1ZEm/R0/qOjsLQM+Bx4WPtL3FU5gV6EhBkhnQovIdyJDs38Bd6PoABLMhgl+8xRNgwrsp8FV3BNdCo9zawHiOoTuhFyiilcxgvxSOO9RqjXbOCwAHiTk/6DCNE5kzBC/DRVgWTEypUFhAErUD08E02jgaChvmJzYJI/zLeKgxtA5ATjN67WHt3pVXWAfK1HpEeCGwCgzaWppWsV4ZWiJmUZxJJmi8Osry3uuWiJCj6g2ohaOcmfH4Za+/75gH5qqcZ+azz/cJvd1xZsG/jRYv6Y8lCO4uPRhg6ANJ+BZMVSrphjehp2ytCwME0A/I6nTjW7WoYnWdD5+jQQOksI4DlG8PWM2MbgGD/FBw0ojua9TjMsHQlsbc652wW9OGVpQYba7bKyNJwEAAQA= @unknown
INFO         |   androidboot.qemu.autorotate=1
INFO         |   androidboot.qemu.avd_name=Resizable_Experimental
INFO         |   androidboot.qemu.camera_hq_edge_processing=0
INFO         |   androidboot.qemu.camera_protocol_ver=1
INFO         |   androidboot.qemu.cpuvulkan.version=4210688
INFO         |   androidboot.qemu.display.settings.xml=resizable
INFO         |   androidboot.qemu.external.displays=1,1080,2092,420,0
INFO         |   androidboot.qemu.gltransport.drawFlushInterval=800
INFO         |   androidboot.qemu.gltransport.name=pipe
INFO         |   androidboot.qemu.hwcodec.avcdec=2
INFO         |   androidboot.qemu.hwcodec.hevcdec=2
INFO         |   androidboot.qemu.hwcodec.vpxdec=2
INFO         |   androidboot.qemu.settings.system.screen_off_timeout=2147483647
INFO         |   androidboot.qemu.skin=1080x2400
INFO         |   androidboot.qemu.virtiowifi=1
INFO         |   androidboot.qemu.vsync=60
INFO         |   androidboot.serialno=EMULATOR37X1X11X0
INFO         |   androidboot.vbmeta.digest=9cd81a59e3db0c28f8dff6bdb907c333810a9e75b478b10b49a3a348ddb0cbb4
INFO         |   androidboot.vbmeta.hash_alg=sha256
INFO         |   androidboot.vbmeta.size=6848
INFO         |   androidboot.veritymode=enforcing
WHPX on Windows 10.0.26200 detected.
Windows Hypervisor Platform accelerator is operational
INFO         | Monitoring duration of emulator setup.
WARNING      | The emulator now requires a signed jwt token for gRPC access! Use the -grpc flag if you really want an open unprotected grpc port
INFO         | Using security allow list from: C:\Users\kossa\AppData\Local\Android\Sdk\emulator\lib\emulator_access.json
INFO         | The active JSON Web Key Sets can be found here: C:\Users\kossa\AppData\Local\Temp\avd\running\17684\jwks\0738e2da-2f48-4d1f-a659-5a0bbf021fb6\active.jwk
INFO         | Scanning C:\Users\kossa\AppData\Local\Temp\avd\running\17684\jwks\0738e2da-2f48-4d1f-a659-5a0bbf021fb6 for jwk keys.
INFO         | Started GRPC server at 127.0.0.1:8554, security: Local, auth: +token
INFO         | Advertising in: C:\Users\kossa\AppData\Local\Temp\avd\running\pid_17684.ini
INFO         | Activated packet streamer for uwb emulation
INFO         | Activated packet streamer for bluetooth emulation
INFO         | Successfully initialized netsim WiFi
INFO         | Setting display: 0 configuration to: 1080x2400, dpi: 420x420 
INFO         | Setting display: 1 configuration to: 2208x1840, dpi: 420x420 
INFO         | Setting display: 2 configuration to: 1920x1200, dpi: 240x240 
INFO         | setDisplayActiveConfig: id:0, 1080x2400
WARNING      | getEnvironmentConfig: No environment config is provided
INFO         | getEnvironmentConfig: Using default virtual scene mode for the environment.
INFO         | getEnvironmentConfig: Using default configuration for mode mesh3d for the environment.
INFO         | Initializing a scene with mode: mesh3d, argument: Toren1BD.obj
USER_INFO    | Emulator is performing a full startup. This may take upto two minutes, or more.
INFO         | Boot completed in 57178 ms
INFO         | Increasing screen off timeout, logcat buffer size to 2M.
INFO         | IPv4 server found: 192.168.1.1
INFO         | Ignore IPv6 address: 3000:6fc0:9802:0:3000:6fc0:9802:0
INFO         | Ignore IPv6 address: 3000:6fc0:9802:0:3000:6fc0:9802:0
INFO         | Ignore IPv6 address: 3000:6fc0:9802:0:3000:6fc0:9802:0
INFO         | Ignore IPv6 address: 2006:6fc0:9802:0:3000:6fc0:9802:0
INFO         | Ignore IPv6 address: 2006:6fc0:9802:0:3000:6fc0:9802:0
INFO         | Ignore IPv6 address: 2006:6fc0:9802:0:3000:6fc0:9802:0
INFO         | Ignore IPv6 address: 400c:6fc0:9802:0:3000:6fc0:9802:0
INFO         | Ignore IPv6 address: 400c:6fc0:9802:0:3000:6fc0:9802:0
INFO         | Ignore IPv6 address: 400c:6fc0:9802:0:3000:6fc0:9802:0
INFO         | Ignore IPv6 address: f019:6fc0:9802:0:3000:6fc0:9802:0
INFO         | Ignore IPv6 address: f019:6fc0:9802:0:3000:6fc0:9802:0
INFO         | Ignore IPv6 address: f019:6fc0:9802:0:3000:6fc0:9802:0
INFO         | Ignore IPv6 address: d81f:6fc0:9802:0:3000:6fc0:9802:0
INFO         | Ignore IPv6 address: d81f:6fc0:9802:0:3000:6fc0:9802:0
INFO         | Ignore IPv6 address: d81f:6fc0:9802:0:3000:6fc0:9802:0
INFO         | IPv4 server found: 192.168.1.1
INFO         | Ignore IPv6 address: 3000:6fc0:9802:0:3000:6fc0:9802:0
INFO         | Ignore IPv6 address: 3000:6fc0:9802:0:3000:6fc0:9802:0
INFO         | Ignore IPv6 address: 3000:6fc0:9802:0:3000:6fc0:9802:0
INFO         | Ignore IPv6 address: 2006:6fc0:9802:0:3000:6fc0:9802:0
INFO         | Ignore IPv6 address: 2006:6fc0:9802:0:3000:6fc0:9802:0
INFO         | Ignore IPv6 address: 2006:6fc0:9802:0:3000:6fc0:9802:0
INFO         | Ignore IPv6 address: 400c:6fc0:9802:0:3000:6fc0:9802:0
INFO         | Ignore IPv6 address: 400c:6fc0:9802:0:3000:6fc0:9802:0
INFO         | Ignore IPv6 address: 400c:6fc0:9802:0:3000:6fc0:9802:0
INFO         | Ignore IPv6 address: f019:6fc0:9802:0:3000:6fc0:9802:0
INFO         | Ignore IPv6 address: f019:6fc0:9802:0:3000:6fc0:9802:0
INFO         | Ignore IPv6 address: f019:6fc0:9802:0:3000:6fc0:9802:0
INFO         | Ignore IPv6 address: d81f:6fc0:9802:0:3000:6fc0:9802:0
INFO         | Ignore IPv6 address: d81f:6fc0:9802:0:3000:6fc0:9802:0
INFO         | Ignore IPv6 address: d81f:6fc0:9802:0:3000:6fc0:9802:0
INFO         | IPv4 server found: 192.168.1.1
INFO         | Ignore IPv6 address: 3000:6fc0:9802:0:3000:6fc0:9802:0
INFO         | Ignore IPv6 address: 3000:6fc0:9802:0:3000:6fc0:9802:0
INFO         | Ignore IPv6 address: 3000:6fc0:9802:0:3000:6fc0:9802:0
INFO         | Ignore IPv6 address: 2006:6fc0:9802:0:3000:6fc0:9802:0
INFO         | Ignore IPv6 address: 2006:6fc0:9802:0:3000:6fc0:9802:0
INFO         | Ignore IPv6 address: 2006:6fc0:9802:0:3000:6fc0:9802:0
INFO         | Ignore IPv6 address: 400c:6fc0:9802:0:3000:6fc0:9802:0
INFO         | Ignore IPv6 address: 400c:6fc0:9802:0:3000:6fc0:9802:0
INFO         | Ignore IPv6 address: 400c:6fc0:9802:0:3000:6fc0:9802:0
INFO         | Ignore IPv6 address: f019:6fc0:9802:0:3000:6fc0:9802:0
INFO         | Ignore IPv6 address: f019:6fc0:9802:0:3000:6fc0:9802:0
INFO         | Ignore IPv6 address: f019:6fc0:9802:0:3000:6fc0:9802:0
INFO         | Ignore IPv6 address: d81f:6fc0:9802:0:3000:6fc0:9802:0
INFO         | Ignore IPv6 address: d81f:6fc0:9802:0:3000:6fc0:9802:0
INFO         | Ignore IPv6 address: d81f:6fc0:9802:0:3000:6fc0:9802:0
INFO         | Created VkInstance:00000298D96E61F0 for application:'' engine:''.
INFO         | Destroyed VkInstance:00000298D96E61F0 for application:'' engine:''.
INFO         | Created VkInstance:000002978297D1B0 for application:'' engine:''.
INFO         | Destroyed VkInstance:000002978297D1B0 for application:'' engine:''.
INFO         | Created VkInstance:00000298C3A93010 for application:'' engine:''.
INFO         | Destroyed VkInstance:00000298C3A93010 for application:'' engine:''.
INFO         | Created VkInstance:00000298E55BF020 for application:'' engine:''.
INFO         | Destroyed VkInstance:00000298E55BF020 for application:'' engine:''.
INFO         | Created VkInstance:00000298E55BF020 for application:'' engine:''.
INFO         | Destroyed VkInstance:00000298E55BF020 for application:'' engine:''.
INFO         | Created VkInstance:00000298F5EF0290 for application:'' engine:''.
INFO         | Destroyed VkInstance:00000298F5EF0290 for application:'' engine:''.
INFO         | Created VkInstance:00000298F5EF0290 for application:'' engine:''.
INFO         | Destroyed VkInstance:00000298F5EF0290 for application:'' engine:''.
INFO         | Created VkInstance:0000029900E61020 for application:'' engine:''.
INFO         | Destroyed VkInstance:0000029900E61020 for application:'' engine:''.
INFO         | Created VkInstance:0000029903F79110 for application:'' engine:''.
INFO         | Destroyed VkInstance:0000029903F79110 for application:'' engine:''.
INFO         | Created VkInstance:00000298C2D8F5B0 for application:'' engine:''.
INFO         | Destroyed VkInstance:00000298C2D8F5B0 for application:'' engine:''.
INFO         | Created VkInstance:00000298C2D8F5B0 for application:'' engine:''.
INFO         | Destroyed VkInstance:00000298C2D8F5B0 for application:'' engine:''.
INFO         | Created VkInstance:00000298C2D90AC0 for application:'' engine:''.
INFO         | Destroyed VkInstance:00000298C2D90AC0 for application:'' engine:''.
INFO         | Created VkInstance:00000298C2D90AC0 for application:'' engine:''.
INFO         | Destroyed VkInstance:00000298C2D90AC0 for application:'' engine:''.
INFO         | Created VkInstance:00000298C2D90AC0 for application:'' engine:''.
INFO         | Destroyed VkInstance:00000298C2D90AC0 for application:'' engine:''.
INFO         | Created VkInstance:00000298C2D90AC0 for application:'' engine:''.
INFO         | Destroyed VkInstance:00000298C2D90AC0 for application:'' engine:''.
INFO         | Wait for emulator (pid 17684) 20 seconds to shutdown gracefully before kill;you can set environment variable ANDROID_EMULATOR_WAIT_TIME_BEFORE_KILL(in seconds) to change the default value (20 seconds)

WARNING      | Not saving state: RAM not mapped as shared
INFO         | Saving snapshot 'default_boot' using 6 ms
INFO         | removeScene: scene=0x29784d1a830
INFO         | removeAll
WARNING      | Netsim Wifi dns:///localhost:50812 is gone due to Stream removed (CANCELLED)
