PASS Heroes no overlap / clipped names 640x360
PASS Shop has carousel, no hero dropdown
PASS Carousel refreshes hero and accessories
PASS Records fill width
PASS Profile Overview
PASS Profile Achievements
PASS Profile Heroes
PASS Profile Cosmetics
PASS Profile Records
PASS Profile Social
PASS Heroes no overlap / clipped names 800x360
PASS Shop has carousel, no hero dropdown
PASS Carousel refreshes hero and accessories
PASS Records fill width
PASS Profile Overview
PASS Profile Achievements
PASS Profile Heroes
PASS Profile Cosmetics
PASS Profile Records
PASS Profile Social
PASS Heroes no overlap / clipped names 1280x720
PASS Shop has carousel, no hero dropdown
PASS Carousel refreshes hero and accessories
PASS Records fill width
PASS Profile Overview
PASS Profile Achievements
PASS Profile Heroes
PASS Profile Cosmetics
PASS Profile Records
PASS Profile Social
PASS Heroes no overlap / clipped names 960x440
PASS Shop has carousel, no hero dropdown
PASS Carousel refreshes hero and accessories
PASS Records fill width
PASS Profile Overview
PASS Profile Achievements
PASS Profile Heroes
PASS Profile Cosmetics
PASS Profile Records
PASS Profile Social
PASS No uncaught UI errors
